[backblue.gif]
[fade.gif]
[index.html]
[images/fav.png]
[external.html]
[Images/logo.png]
[images/en.png]
[images/tr.png]
[Storage/Web/Original/9e57c7a0-41d4-4a47-97c2-a230a2254f27.png]
[Storage/Web/Original/ac8efa70-bcfa-433a-8b58-7b9f46778da9.png]
[Storage/Web/Original/f3cf0a98-31d4-406b-a3a5-9f437e691bd6.png]
[Storage/Web/Original/050fd724-9533-41f1-bef8-403ee98dee15.png]
[Storage/Web/Original/04fc097f-c522-468b-bf13-bd26bf1580bc.png]
[Storage/Web/Original/0e048fde-2c08-49d0-bb2c-443d562dc296.png]
[Storage/Web/Original/4dbdd615-6778-41d3-826c-21a6a736e9a5.png]
[Storage/Web/Original/1efb2cae-9f77-4737-9a1a-ac1c286b4c65.jpg]
[Storage/Web/Original/552cbdda-9432-4280-9a49-36da35303bc4.png]
[Storage/Web/Original/9d23d46e-0083-4898-a495-95a13e23c4c4.jpg]
[Storage/Web/Original/933aac96-1de1-41b2-8e84-76bbf019caaf.jpg]
[Storage/Web/Original/15326d51-3f7a-4b6b-9e0b-e760b3f8fe4e.jpg]
[Storage/Web/Original/17d5c744-dc70-4fb7-aa36-204c9dbf6404.jpg]
[Storage/Web/Original/a0a8ec35-4d46-46a5-af26-b70cbe08ffde.jpg]
[Storage/Web/Original/9906fd3c-8d36-4b9a-a3a4-1b9833de8ffc.jpg]
[Storage/Web/Original/becb591b-6c32-41bf-a2a9-17e69f2a808e.jpg]
[Images/ok2.png]
[Images/welcome.jpg]
[Images/valid-html5.png]
[Images/argede.png]
[pagead/f.txt]
[analytics.js]
[index-2.html]
[css98a2.css]
[WebResourcedbee.js]
[Storage/Web/Original/c2c9e9e6-14be-4547-b5ff-4ed9dbb3b060.jpg]
[Storage/Web/Original/af85bf26-a2a3-46fb-8d1d-711bf2d8d7cb.jpg]
[Storage/Web/Original/e1b93f23-9f7f-44ac-a471-5e95116dfc6b.jpg]
[Storage/Web/Original/74a00cf8-8536-4137-bfc7-431f61b6bc9b.jpg]
[tr-tr/index.html]
[en-us/index.html]
[images/logo-2.png]
[Images/cnetflag.png]
[tr-tr/corporate.html]
[Storage/Web/Original/c7511cbe-badb-4e36-8d9c-7975a2635f9d.jpg]
[Storage/Web/Original/73c27c61-ff66-4a1d-b0f2-0a72bcfbc590.jpg]
[Storage/Web/Original/3767415b-bdac-43ca-bbdc-cbf2577a9279.jpg]
[Storage/Web/Original/2e5a016f-6ce9-4a2e-94bd-68bc6bf40ba5.png]
[Storage/Web/Original/17428037-e08e-41e1-acb4-a93951697981.jpg]
[tr-tr/blog.html]
[Storage/Web/Original/62e3c67e-2b2e-404a-8257-d81256d242e8.jpg]
[Storage/Web/Original/b900286b-66fa-4e91-b8d9-c9d15982887f.jpg]
[Storage/Web/Original/cfbf5bed-d135-49d4-8e96-cf91cc0e3d79.jpg]
[Storage/Web/Original/fc9a651d-d43e-4d08-bbee-573bce0b9a15.jpg]
[Storage/Web/Original/3ea0e97d-e0a9-43b9-873e-344e49d32522.jpg]
[Storage/Web/Original/b5966d2b-43da-47e2-a171-a509d7104909.jpg]
[Storage/Web/Original/a1796436-8d20-4a47-8a61-55a11e29ef7f.jpg]
[Storage/Web/Original/9d29901e-cf06-4337-8d1c-f762fa69bc06.jpg]
[Storage/Web/Original/3ec88e17-ae2d-4c80-ac73-bed73b93a87d.jpg]
[Storage/Web/Original/46608002-42b3-4f86-b01f-634f2ac3c1f1.jpg]
[Storage/Web/Original/3c22e46b-1342-475a-9653-a2bc8a951262.jpg]
[Storage/Web/Original/d7164673-35d7-444e-8232-3278cc1bdcf3.jpg]
[Storage/Web/Original/c748513a-b8ee-4fb2-aed9-9051911385bf.jpg]
[Storage/Web/Original/b99566f4-044e-4d59-b1d8-c830e0e13e6a.jpg]
[Storage/Web/Original/a728fc00-9275-4fd9-a2ee-235b0abf7247.jpg]
[Storage/Web/Original/0757c2ed-e3d2-4325-9545-7c4044b9b0b4.jpg]
[tr-tr/products.html]
[Storage/Web/Original/5e2b5a2a-b90f-41aa-adb3-093ddb1f082d.jpg]
[Storage/Web/Original/30931376-be20-4dfd-b5cf-5fbd315cb25c.png]
[Storage/Web/Original/460cee4a-3dee-4704-a7f6-4cfc61cba123.jpg]
[Storage/Web/Original/3734a338-e9b6-4886-928b-d43312f47a3b.png]
[Storage/Web/Original/bccdf3f9-5100-41e0-b361-ed7b77adfb40.png]
[Storage/Web/Original/466c73fa-f6a0-4ee4-8e23-d95b0b6d89bb.jpg]
[Storage/Web/Original/41f8e21c-e7ae-4b72-97c3-c2304964b457.jpg]
[tr-tr/partners.html]
[spotcam/Image/cnet-logo.png]
[spotcam/Image/logo.png]
[spotcam/Storage/Web/Original/Slide.jpg]
[spotcam/Storage/Web/Original/urun.png]
[spotcam/Image/slid-down.png]
[spotcam/Storage/Web/Original/meet-us.png]
[spotcam/Storage/Web/Original/kolay-kurulum.png]
[spotcam/Storage/Web/Original/hd-video-kalitesi.png]
[spotcam/Storage/Web/Original/wifi-baglantisi.png]
[spotcam/Storage/Web/Original/iki-yonlu-ses-bileseni.png]
[spotcam/Storage/Web/Original/coklu-platform-destegi.png]
[spotcam/Storage/Web/Original/gece-gorusu.png]
[spotcam/Storage/Web/Original/gercek-zamanli-alarm.png]
[spotcam/Storage/Web/Original/sosyal-ag.png]
[spotcam/Storage/Web/Original/zamanlama.png]
[spotcam/Storage/Web/Original/guclu-guvenlik-sistemi.png]
[spotcam/Storage/Web/Medium/1.png]
[spotcam/Storage/Web/Medium/2.png]
[spotcam/Storage/Web/Original/server.png]
[spotcam/Storage/Web/Small/spotcam.png]
[spotcam/Storage/Web/Small/bulut-diski.png]
[spotcam/Storage/Web/Small/cihazlariniz.png]
[spotcam/index.html]
[Images/download.png]
[Storage/Web/Medium/af85bf26-a2a3-46fb-8d1d-711bf2d8d7cb.jpg]
[Storage/Icon/Dokunmatik.png]
[Storage/Icon/Apple-Uyumu.png]
[Storage/Icon/AC.png]
[Storage/Icon/Tasarim.png]
[Storage/Icon/Guvenlik-Duvari.png]
[Storage/Icon/Usb-ile-dosya-Paylasma.png]
[Storage/Icon/Kablosuz-Kaplama-alani-Kontrolu.png]
[Storage/Icon/Tak-Kullan.png]
[Images/arrow_right.png]
[storage/documents/datasheet-23eb7.pdf]
[GuvenlikKodu.bmp]
[tr-tr/productdetail/353/c1-high-power-touch-screen-wi-fi-range-extender.html]
[Storage/Web/Medium/b5966d2b-43da-47e2-a171-a509d7104909.jpg]
[Storage/Icon/Teknoloji-Uyumu.png]
[Storage/Icon/Downstream_Upstream.png]
[Storage/Icon/Bridging_Routing.png]
[Storage/Icon/ATM_IP-QoS.png]
[Storage/Icon/Hiz.png]
[Storage/Icon/Wifi-Guvenligi.png]
[Storage/Icon/Wps-Destegi.png]
[storage/documents/datasheet-5e5c1.pdf]
[tr-tr/productdetail/339/car-984r-300mbps-wireless-n-4-port-adsl-22-modem-router.html]
[Storage/Web/Medium/46608002-42b3-4f86-b01f-634f2ac3c1f1.jpg]
[Storage/Icon/Kablosuz-Baglanti.png]
[Storage/Icon/Kesintisiz-HD-Stream.png]
[Storage/Icon/Islemci.png]
[tr-tr/productdetail/358/wrhc1750g-high-power-wireless-router.html]
[tr-tr/productgroup/1074/adsl--vdsl.html]
[tr-tr/productgroup/1071/wi-fi-router.html]
[tr-tr/productgroup/1070/wi-fi-extender.html]
[tr-tr/productgroup/1073/usb-wi-fi-adaptor.html]
[tr-tr/productgroup/1082/switch.html]
[tr-tr/productgroup/1089/spotcam.html]
[Storage/Web/Medium/17d5c744-dc70-4fb7-aa36-204c9dbf6404.jpg]
[Storage/Web/Original/80b1783f-1e83-411a-8e69-b0618a18fb87.jpg]
[Storage/Web/Medium/80b1783f-1e83-411a-8e69-b0618a18fb87.jpg]
[Storage/Web/Original/90ba26fb-f9f9-4dc7-afac-1425aa18b20f.jpg]
[Storage/Web/Medium/90ba26fb-f9f9-4dc7-afac-1425aa18b20f.jpg]
[storage/documents/datasheet-30989.pdf]
[tr-tr/productdetail/359/cgs-1604gsw-16-port-101001000--4-combo-sfp-web-smart-poe-switch.html]
[Storage/Web/Medium/a0a8ec35-4d46-46a5-af26-b70cbe08ffde.jpg]
[Storage/Web/Original/3840da5d-1b37-4748-8dc4-97fbaacf78ac.jpg]
[Storage/Web/Medium/3840da5d-1b37-4748-8dc4-97fbaacf78ac.jpg]
[Storage/Icon/Auto-Negotiation.png]
[Storage/Icon/Auto-MDI_MDI-X.png]
[Storage/Icon/Kolay-Kurulum-Sihirbazi.png]
[Storage/Icon/Led-gostergesi.png]
[Storage/Icon/Montaj.png]
[Storage/Icon/Kopruleme.png]
[Storage/Icon/Mac-Address.png]
[tr-tr/productdetail/345/csh-2400-24-port-fast-ethernet-switch.html]
[Storage/Web/Medium/9906fd3c-8d36-4b9a-a3a4-1b9833de8ffc.jpg]
[Storage/Icon/Dahili-anten.png]
[storage/documents/datasheet-72efb.pdf]
[tr-tr/productdetail/354/wnir3200-wireless-n-broadband-router.html]
[Storage/Web/Medium/becb591b-6c32-41bf-a2a9-17e69f2a808e.jpg]
[Storage/Icon/Throughput.png]
[Storage/Icon/Full-Duplex.png]
[Storage/Icon/Energy-Efficent.png]
[tr-tr/productdetail/341/cgs-2400-24-port-gigabit-ethernet-switch.html]
[Storage/Web/Medium/c7511cbe-badb-4e36-8d9c-7975a2635f9d.jpg]
[tr-tr/newsdetail/2018/gaziantep-tanitim-toplantisi.html]
[Storage/Web/Medium/73c27c61-ff66-4a1d-b0f2-0a72bcfbc590.jpg]
[tr-tr/newsdetail/1019/cnetten-ev-ve-isyerlerine-yeni-urun.html]
[Storage/Web/Medium/3767415b-bdac-43ca-bbdc-cbf2577a9279.jpg]
[tr-tr/newsdetail/1018/cnet-turkiye-ye-iddiali-donuyor.html]
[tr-tr/corporate/44/cnet.html]
[tr-tr/corporate/66/misyon.html]
[tr-tr/corporate/67/musteriler.html]
[tr-tr/corporate/68/musteri-memnuniyeti.html]
[tr-tr/corporate/69/satis-ve-pazarlama.html]
[tr-tr/corporate/70/servis.html]
[tr-tr/corporate/71/uretim.html]
[tr-tr/contact.html]
[pagead/viewthroughconversion/953342875/indexa96a.html]
[POST.html]
[Storage/Web/Medium/c2c9e9e6-14be-4547-b5ff-4ed9dbb3b060.jpg]
[Storage/Web/Original/398d5499-7af1-4383-a007-57e5e702f4da.jpg]
[Storage/Web/Medium/398d5499-7af1-4383-a007-57e5e702f4da.jpg]
[Storage/Web/Original/193333c6-a83d-4340-b95b-602eedf0612e.jpg]
[Storage/Web/Medium/193333c6-a83d-4340-b95b-602eedf0612e.jpg]
[tr-tr/productdetail/343/csh-800-8-port-fast-ethernet-switch.html]
[Storage/Web/Medium/e1b93f23-9f7f-44ac-a471-5e95116dfc6b.jpg]
[tr-tr/productdetail/363/spotcam-hd-pro.html]
[Storage/Web/Medium/74a00cf8-8536-4137-bfc7-431f61b6bc9b.jpg]
[Storage/Web/Original/43738352-2df4-4617-bdc8-044d4f3f757a.jpg]
[Storage/Web/Medium/43738352-2df4-4617-bdc8-044d4f3f757a.jpg]
[tr-tr/productdetail/344/csh-1600e-16-port-fast-ethernet-switch.html]
[en-us/corporate.html]
[en-us/blog.html]
[en-us/products.html]
[en-us/partners.html]
[en-us/productgroup/1081/adsl--vdsl.html]
[en-us/productgroup/1080/wifi-router.html]
[en-us/productgroup/1079/wifi-adapter.html]
[en-us/productgroup/1078/usb-wifi-adapter.html]
[en-us/productgroup/1077/wifi-extender.html]
[en-us/contact.html]
[Storage/Web/Medium/2e5a016f-6ce9-4a2e-94bd-68bc6bf40ba5.png]
[Storage/Web/Original/c96efc00-8940-42de-ae20-2965bbbcb5ff.jpg]
[Storage/Web/Medium/c96efc00-8940-42de-ae20-2965bbbcb5ff.jpg]
[tr-tr/newsdetail/18/kullanicilari-heyecanlandiran-iki-urun.html]
[Storage/Web/Medium/17428037-e08e-41e1-acb4-a93951697981.jpg]
[tr-tr/newsdetail/17/cnet-turkiye-pazarina-geri-dondu.html]
[tr-tr/blog/pg-1.html]
[tr-tr/blog/pg-2.html]
[tr-tr/productgroup/1086/fast-ethernet-switch.html]
[tr-tr/productgroup/1087/gigabit-ethernet-switch.html]
[tr-tr/productgroup/1088/poe-switch.html]
[Storage/Web/Medium/62e3c67e-2b2e-404a-8257-d81256d242e8.jpg]
[Storage/Web/Original/379bbe70-9042-4444-9441-8a5216d2bd0f.jpg]
[Storage/Web/Medium/379bbe70-9042-4444-9441-8a5216d2bd0f.jpg]
[Storage/Web/Original/d89a860d-5454-4aa3-8861-3b442aef85a3.jpg]
[Storage/Web/Medium/d89a860d-5454-4aa3-8861-3b442aef85a3.jpg]
[storage/documents/datasheet-996ea.pdf]
[tr-tr/productdetail/360/csh-8008p-8-port-psepoe-fast-ethernet-switch.html]
[Storage/Web/Medium/b900286b-66fa-4e91-b8d9-c9d15982887f.jpg]
[Storage/Web/Original/6e46fc26-5f96-4daa-9f04-14c0d02563ec.jpg]
[Storage/Web/Medium/6e46fc26-5f96-4daa-9f04-14c0d02563ec.jpg]
[Storage/Web/Original/4cec7c41-d2c2-4092-893f-9d354aca3ac4.jpg]
[Storage/Web/Medium/4cec7c41-d2c2-4092-893f-9d354aca3ac4.jpg]
[storage/documents/datasheet-8bf4e.pdf]
[tr-tr/productdetail/361/cgs-802gswp-8-port-101001000--2-uplink-web-smart-poe-switch.html]
[Storage/Web/Medium/cfbf5bed-d135-49d4-8e96-cf91cc0e3d79.jpg]
[storage/documents/datasheet-58734.pdf]
[tr-tr/productdetail/362/spotcam-hd.html]
[Storage/Web/Medium/fc9a651d-d43e-4d08-bbee-573bce0b9a15.jpg]
[tr-tr/productdetail/364/spotcam-hd-eva.html]
[Storage/Web/Medium/3ea0e97d-e0a9-43b9-873e-344e49d32522.jpg]
[Storage/Web/Original/a1d180a2-c6ec-4724-9dd8-729aa10809c8.jpg]
[Storage/Web/Medium/a1d180a2-c6ec-4724-9dd8-729aa10809c8.jpg]
[Storage/Web/Original/1cf7b03b-36e0-4b92-9e6f-dd7c34b6eb90.jpg]
[Storage/Web/Medium/1cf7b03b-36e0-4b92-9e6f-dd7c34b6eb90.jpg]
[tr-tr/productdetail/1359/csh-524p-5-port-fast-ethernet-switch-4-port-poe.html]
[Storage/Web/Medium/a1796436-8d20-4a47-8a61-55a11e29ef7f.jpg]
[Storage/Icon/Mimo-Tek.-Daha-fazla.png]
[Storage/Icon/Multi-SSID.png]
[Storage/Icon/RF-Cikis-Gucu-ayarlama.png]
[storage/documents/firmware-6ccd3.rar]
[tr-tr/productdetail/347/wnir3300-wireless-n-broadband-router.html]
[Storage/Web/Medium/9d29901e-cf06-4337-8d1c-f762fa69bc06.jpg]
[storage/documents/firmware-559f6.rar]
[tr-tr/productdetail/352/wnir5300-wireless-n-broadband-router.html]
[Storage/Web/Medium/3ec88e17-ae2d-4c80-ac73-bed73b93a87d.jpg]
[Storage/Web/Original/cf452e7d-a361-43df-9666-5843cbfbca0d.jpg]
[Storage/Web/Medium/cf452e7d-a361-43df-9666-5843cbfbca0d.jpg]
[Storage/Web/Original/55287ea5-5539-4f4c-a818-5004b453f0d0.jpg]
[Storage/Web/Medium/55287ea5-5539-4f4c-a818-5004b453f0d0.jpg]
[tr-tr/productdetail/357/wrhc1200g-high-power-wireless-router.html]
[Storage/Web/Medium/3c22e46b-1342-475a-9653-a2bc8a951262.jpg]
[Storage/Icon/Olu-Noktalar.png]
[Storage/Icon/Guc-Adaptoru.png]
[Storage/Icon/Repeater.png]
[storage/documents/firmware-bfd04.rar]
[tr-tr/productdetail/348/wnix3300--wireless-n-long-range-extender.html]
[Storage/Web/Medium/d7164673-35d7-444e-8232-3278cc1bdcf3.jpg]
[Storage/Icon/Soft-AP.png]
[tr-tr/productdetail/349/wnud1150h-high-power-wireless-n-usb-adaptor.html]
[Storage/Web/Medium/c748513a-b8ee-4fb2-aed9-9051911385bf.jpg]
[Storage/Icon/Dual-Band.png]
[storage/documents/driver-cd572.rar]
[tr-tr/productdetail/346/wdac433-dual-band-wireless-ac-usb-adaptor.html]
[Storage/Web/Medium/b99566f4-044e-4d59-b1d8-c830e0e13e6a.jpg]
[tr-tr/productdetail/338/cgs-1600-16-port-gigabit-ethernet-switch.html]
[Storage/Web/Medium/a728fc00-9275-4fd9-a2ee-235b0abf7247.jpg]
[tr-tr/productdetail/340/cgs-800-8-port-gigabit-ethernet-switch.html]
[Storage/Web/Medium/0757c2ed-e3d2-4325-9545-7c4044b9b0b4.jpg]
[Storage/Web/Original/2bbc2c97-5202-4edb-8b3b-8af2c72f13e8.jpg]
[Storage/Web/Medium/2bbc2c97-5202-4edb-8b3b-8af2c72f13e8.jpg]
[Storage/Web/Original/45129375-2f3b-4e86-90de-a7da772ffc1c.jpg]
[Storage/Web/Medium/45129375-2f3b-4e86-90de-a7da772ffc1c.jpg]
[tr-tr/productdetail/342/csh-500--5-port-fast-ethernet-switch.html]
[tr-tr/partners/1/distributorler.html]
[tr-tr/partners/7/dagiticilar.html]
[tr-tr/partners/8/toptancilar.html]
[tr-tr/partners/2/online-magazalar.html]
[css4545.css]
[spotcam/Default.html]
[WebResource7994.js]
[Storage/Web/Original/d4a271a3-bf69-4c7f-9b84-adf7818ccba0.jpg]
[Storage/Web/Medium/d4a271a3-bf69-4c7f-9b84-adf7818ccba0.jpg]
[tr-tr/newsdetail/15/cnet-turkiyeye-hosgeldiniz.html]
[Images/logo.png]
[images/fav.png]
[images/en.png]
[images/tr.png]
[Content/normalize.css]
[Storage/Web/Original/9e57c7a0-41d4-4a47-97c2-a230a2254f27.png]
[Storage/Web/Original/ac8efa70-bcfa-433a-8b58-7b9f46778da9.png]
[fonts/glyphicons-halflings-regular.eot]
[Storage/Web/Original/f3cf0a98-31d4-406b-a3a5-9f437e691bd6.png]
[fonts/glyphicons-halflings-regulard41d.eot]
[fonts/glyphicons-halflings-regular.woff]
[Storage/Web/Original/050fd724-9533-41f1-bef8-403ee98dee15.png]
[Storage/Web/Original/04fc097f-c522-468b-bf13-bd26bf1580bc.png]
[fonts/glyphicons-halflings-regular.ttf]
[Storage/Web/Original/0e048fde-2c08-49d0-bb2c-443d562dc296.png]
[Content/bootstrap.css]
[Storage/Web/Original/4dbdd615-6778-41d3-826c-21a6a736e9a5.png]
[Storage/Web/Original/1efb2cae-9f77-4737-9a1a-ac1c286b4c65.jpg]
[Storage/Web/Original/552cbdda-9432-4280-9a49-36da35303bc4.png]
[Storage/Web/Original/9d23d46e-0083-4898-a495-95a13e23c4c4.jpg]
[font-awesome-4.2.0/fonts/fontawesome-webfont78ce.eot]
[Storage/Web/Original/933aac96-1de1-41b2-8e84-76bbf019caaf.jpg]
[font-awesome-4.2.0/fonts/fontawesome-webfontd41d.eot]
[font-awesome-4.2.0/fonts/fontawesome-webfont78ce.woff]
[font-awesome-4.2.0/fonts/fontawesome-webfont78ce.ttf]
[Storage/Web/Original/15326d51-3f7a-4b6b-9e0b-e760b3f8fe4e.jpg]
[Storage/Web/Original/17d5c744-dc70-4fb7-aa36-204c9dbf6404.jpg]
[font-awesome-4.2.0/css/font-awesome.css]
[Storage/Web/Original/a0a8ec35-4d46-46a5-af26-b70cbe08ffde.jpg]
[Storage/Web/Original/9906fd3c-8d36-4b9a-a3a4-1b9833de8ffc.jpg]
[Storage/Web/Original/becb591b-6c32-41bf-a2a9-17e69f2a808e.jpg]
[Images/ok2.png]
[Images/welcome.jpg]
[Images/valid-html5.png]
[Images/argede.png]
[images/on.png]
[images/off.png]
[pagead/f.txt]
[images/signal.png]
[Storage/Web/Original/c2c9e9e6-14be-4547-b5ff-4ed9dbb3b060.jpg]
[Storage/Web/Original/af85bf26-a2a3-46fb-8d1d-711bf2d8d7cb.jpg]
[Storage/Web/Original/e1b93f23-9f7f-44ac-a471-5e95116dfc6b.jpg]
[Images/bg_fb.png]
[Storage/Web/Original/74a00cf8-8536-4137-bfc7-431f61b6bc9b.jpg]
[Images/bg_tw.png]
[images/logo-2.png]
[Images/bg_yt.png]
[Images/bg_in.png]
[Images/cnetflag.png]
[Storage/Web/Original/c7511cbe-badb-4e36-8d9c-7975a2635f9d.jpg]
[Images/bg_ins.png]
[Storage/Web/Original/73c27c61-ff66-4a1d-b0f2-0a72bcfbc590.jpg]
[images/check.png]
[Storage/Web/Original/3767415b-bdac-43ca-bbdc-cbf2577a9279.jpg]
[Content/custom.css]
[Storage/Web/Original/2e5a016f-6ce9-4a2e-94bd-68bc6bf40ba5.png]
[Storage/Web/Original/17428037-e08e-41e1-acb4-a93951697981.jpg]
[Storage/Web/Original/62e3c67e-2b2e-404a-8257-d81256d242e8.jpg]
[Content/images/bx_loader.gif]
[Storage/Web/Original/b900286b-66fa-4e91-b8d9-c9d15982887f.jpg]
[Content/images/controls.png]
[Content/jquery.bxslider.css]
[Storage/Web/Original/cfbf5bed-d135-49d4-8e96-cf91cc0e3d79.jpg]
[Storage/Web/Original/fc9a651d-d43e-4d08-bbee-573bce0b9a15.jpg]
[Content/images/loading.gif]
[Content/colorbox.css]
[Storage/Web/Original/3ea0e97d-e0a9-43b9-873e-344e49d32522.jpg]
[Images/stars.png]
[Storage/Web/Original/b5966d2b-43da-47e2-a171-a509d7104909.jpg]
[Content/vote.css]
[Storage/Web/Original/a1796436-8d20-4a47-8a61-55a11e29ef7f.jpg]
[Storage/Web/Original/9d29901e-cf06-4337-8d1c-f762fa69bc06.jpg]
[en-us/index.html]
[Storage/Web/Original/3ec88e17-ae2d-4c80-ac73-bed73b93a87d.jpg]
[Storage/Web/Original/46608002-42b3-4f86-b01f-634f2ac3c1f1.jpg]
[tr-tr/corporate.html]
[Storage/Web/Original/3c22e46b-1342-475a-9653-a2bc8a951262.jpg]
[Storage/Web/Original/d7164673-35d7-444e-8232-3278cc1bdcf3.jpg]
[spotcam/index.html]
[Storage/Web/Original/c748513a-b8ee-4fb2-aed9-9051911385bf.jpg]
[Storage/Web/Original/b99566f4-044e-4d59-b1d8-c830e0e13e6a.jpg]
[Storage/Web/Original/a728fc00-9275-4fd9-a2ee-235b0abf7247.jpg]
[Storage/Web/Original/0757c2ed-e3d2-4325-9545-7c4044b9b0b4.jpg]
[Storage/Web/Original/5e2b5a2a-b90f-41aa-adb3-093ddb1f082d.jpg]
[Storage/Web/Original/30931376-be20-4dfd-b5cf-5fbd315cb25c.png]
[tr-tr/productdetail/353/c1-high-power-touch-screen-wi-fi-range-extender.html]
[Storage/Web/Original/466c73fa-f6a0-4ee4-8e23-d95b0b6d89bb.jpg]
[Storage/Web/Original/460cee4a-3dee-4704-a7f6-4cfc61cba123.jpg]
[Storage/Web/Original/3734a338-e9b6-4886-928b-d43312f47a3b.png]
[Storage/Web/Original/bccdf3f9-5100-41e0-b361-ed7b77adfb40.png]
[tr-tr/productdetail/339/car-984r-300mbps-wireless-n-4-port-adsl-22-modem-router.html]
[Storage/Web/Original/41f8e21c-e7ae-4b72-97c3-c2304964b457.jpg]
[spotcam/Image/cnet-logo.png]
[spotcam/Image/logo.png]
[spotcam/Storage/Web/Original/Slide.jpg]
[spotcam/Image/slid-down.png]
[spotcam/Storage/Web/Original/urun.png]
[spotcam/Storage/Web/Original/meet-us.png]
[spotcam/Storage/Web/Original/kolay-kurulum.png]
[spotcam/Storage/Web/Original/hd-video-kalitesi.png]
[tr-tr/productdetail/358/wrhc1750g-high-power-wireless-router.html]
[spotcam/Storage/Web/Original/wifi-baglantisi.png]
[spotcam/Storage/Web/Original/iki-yonlu-ses-bileseni.png]
[spotcam/Storage/Web/Original/coklu-platform-destegi.png]
[spotcam/Storage/Web/Original/gece-gorusu.png]
[spotcam/Storage/Web/Original/gercek-zamanli-alarm.png]
[tr-tr/productgroup/1074/adsl--vdsl.html]
[spotcam/Storage/Web/Original/sosyal-ag.png]
[spotcam/Storage/Web/Original/zamanlama.png]
[tr-tr/productdetail/345/csh-2400-24-port-fast-ethernet-switch.html]
[spotcam/Storage/Web/Original/guclu-guvenlik-sistemi.png]
[spotcam/Storage/Web/Medium/1.png]
[spotcam/Storage/Web/Medium/2.png]
[spotcam/Storage/Web/Original/server.png]
[spotcam/Storage/Web/Small/spotcam.png]
[spotcam/Storage/Web/Small/bulut-diski.png]
[spotcam/Storage/Web/Small/cihazlariniz.png]
[Images/download.png]
[tr-tr/productdetail/354/wnir3200-wireless-n-broadband-router.html]
[Storage/Web/Medium/af85bf26-a2a3-46fb-8d1d-711bf2d8d7cb.jpg]
[Storage/Icon/Dokunmatik.png]
[Storage/Icon/Apple-Uyumu.png]
[Storage/Icon/AC.png]
[Storage/Icon/Tasarim.png]
[Storage/Icon/Guvenlik-Duvari.png]
[Storage/Icon/Usb-ile-dosya-Paylasma.png]
[tr-tr/productdetail/341/cgs-2400-24-port-gigabit-ethernet-switch.html]
[Storage/Icon/Kablosuz-Kaplama-alani-Kontrolu.png]
[Images/arrow_right.png]
[Storage/Icon/Tak-Kullan.png]
[storage/documents/datasheet-23eb7.pdf]
[GuvenlikKodu.bmp]
[tr-tr/newsdetail/2018/gaziantep-tanitim-toplantisi.html]
[Storage/Web/Medium/b5966d2b-43da-47e2-a171-a509d7104909.jpg]
[tr-tr/newsdetail/1019/cnetten-ev-ve-isyerlerine-yeni-urun.html]
[Storage/Icon/Teknoloji-Uyumu.png]
[Storage/Icon/Downstream_Upstream.png]
[Storage/Icon/Bridging_Routing.png]
[tr-tr/corporate/44/cnet.html]
[Scripts/jquery-1.9.1.js]
[Scripts/jquery.cookie.js]
[Storage/Icon/ATM_IP-QoS.png]
[Storage/Icon/Hiz.png]
[Storage/Icon/Wps-Destegi.png]
[Storage/Icon/Wifi-Guvenligi.png]
[Scripts/modernizr.custom.59931.js]
[storage/documents/datasheet-5e5c1.pdf]
[Storage/Web/Medium/46608002-42b3-4f86-b01f-634f2ac3c1f1.jpg]
[Storage/Icon/Kablosuz-Baglanti.png]
[Scripts/bootstrap.js]
[Storage/Icon/Kesintisiz-HD-Stream.png]
[Scripts/jquery.bxslider.js]
[Storage/Icon/Islemci.png]
[Scripts/jquery.colorbox.js]
[Storage/Web/Medium/17d5c744-dc70-4fb7-aa36-204c9dbf6404.jpg]
[Scripts/jquery.slimscroll.js]
[Storage/Web/Original/80b1783f-1e83-411a-8e69-b0618a18fb87.jpg]
[Scripts/scroll.sneak.js]
[Storage/Web/Medium/80b1783f-1e83-411a-8e69-b0618a18fb87.jpg]
[Scripts/custom.js]
[Storage/Web/Original/90ba26fb-f9f9-4dc7-afac-1425aa18b20f.jpg]
[Scripts/def.js]
[Storage/Web/Medium/90ba26fb-f9f9-4dc7-afac-1425aa18b20f.jpg]
[storage/documents/datasheet-30989.pdf]
[POST.html]
[Storage/Web/Medium/a0a8ec35-4d46-46a5-af26-b70cbe08ffde.jpg]
[Storage/Web/Original/3840da5d-1b37-4748-8dc4-97fbaacf78ac.jpg]
[tr-tr/productdetail/363/spotcam-hd-pro.html]
[Storage/Web/Medium/3840da5d-1b37-4748-8dc4-97fbaacf78ac.jpg]
[Storage/Icon/Auto-Negotiation.png]
[Storage/Icon/Auto-MDI_MDI-X.png]
[Storage/Icon/Kolay-Kurulum-Sihirbazi.png]
[Storage/Icon/Led-gostergesi.png]
[Storage/Icon/Montaj.png]
[tr-tr/productdetail/344/csh-1600e-16-port-fast-ethernet-switch.html]
[Storage/Icon/Kopruleme.png]
[Storage/Icon/Mac-Address.png]
[Storage/Web/Medium/9906fd3c-8d36-4b9a-a3a4-1b9833de8ffc.jpg]
[Storage/Icon/Dahili-anten.png]
[storage/documents/datasheet-72efb.pdf]
[en-us/corporate.html]
[Storage/Web/Medium/becb591b-6c32-41bf-a2a9-17e69f2a808e.jpg]
[Storage/Icon/Throughput.png]
[tr-tr/newsdetail/18/kullanicilari-heyecanlandiran-iki-urun.html]
[Content/mydropdown.css]
[Storage/Icon/Full-Duplex.png]
[Storage/Icon/Energy-Efficent.png]
[Storage/Web/Medium/c7511cbe-badb-4e36-8d9c-7975a2635f9d.jpg]
[tr-tr/productdetail/361/cgs-802gswp-8-port-101001000--2-uplink-web-smart-poe-switch.html]
[Storage/Web/Medium/73c27c61-ff66-4a1d-b0f2-0a72bcfbc590.jpg]
[Storage/Web/Medium/3767415b-bdac-43ca-bbdc-cbf2577a9279.jpg]
[Storage/Web/Medium/c2c9e9e6-14be-4547-b5ff-4ed9dbb3b060.jpg]
[tr-tr/productdetail/362/spotcam-hd.html]
[Storage/Web/Original/398d5499-7af1-4383-a007-57e5e702f4da.jpg]
[Storage/Web/Medium/398d5499-7af1-4383-a007-57e5e702f4da.jpg]
[Storage/Web/Original/193333c6-a83d-4340-b95b-602eedf0612e.jpg]
[Storage/Web/Medium/193333c6-a83d-4340-b95b-602eedf0612e.jpg]
[Storage/Web/Original/43738352-2df4-4617-bdc8-044d4f3f757a.jpg]
[Storage/Web/Medium/e1b93f23-9f7f-44ac-a471-5e95116dfc6b.jpg]
[Storage/Web/Medium/74a00cf8-8536-4137-bfc7-431f61b6bc9b.jpg]
[tr-tr/productdetail/364/spotcam-hd-eva.html]
[Storage/Web/Medium/43738352-2df4-4617-bdc8-044d4f3f757a.jpg]
[Storage/Web/Medium/2e5a016f-6ce9-4a2e-94bd-68bc6bf40ba5.png]
[Storage/Web/Original/c96efc00-8940-42de-ae20-2965bbbcb5ff.jpg]
[Storage/Web/Medium/c96efc00-8940-42de-ae20-2965bbbcb5ff.jpg]
[Storage/Web/Medium/17428037-e08e-41e1-acb4-a93951697981.jpg]
[Storage/Web/Medium/62e3c67e-2b2e-404a-8257-d81256d242e8.jpg]
[tr-tr/productdetail/1359/csh-524p-5-port-fast-ethernet-switch-4-port-poe.html]
[Storage/Web/Original/379bbe70-9042-4444-9441-8a5216d2bd0f.jpg]
[Storage/Web/Medium/379bbe70-9042-4444-9441-8a5216d2bd0f.jpg]
[Storage/Web/Original/d89a860d-5454-4aa3-8861-3b442aef85a3.jpg]
[Storage/Web/Medium/d89a860d-5454-4aa3-8861-3b442aef85a3.jpg]
[storage/documents/datasheet-996ea.pdf]
[tr-tr/productdetail/347/wnir3300-wireless-n-broadband-router.html]
[Storage/Web/Medium/b900286b-66fa-4e91-b8d9-c9d15982887f.jpg]
[Storage/Web/Original/6e46fc26-5f96-4daa-9f04-14c0d02563ec.jpg]
[Storage/Web/Medium/6e46fc26-5f96-4daa-9f04-14c0d02563ec.jpg]
[Storage/Web/Original/4cec7c41-d2c2-4092-893f-9d354aca3ac4.jpg]
[storage/documents/datasheet-8bf4e.pdf]
[Storage/Web/Medium/4cec7c41-d2c2-4092-893f-9d354aca3ac4.jpg]
[Storage/Web/Medium/cfbf5bed-d135-49d4-8e96-cf91cc0e3d79.jpg]
[storage/documents/datasheet-58734.pdf]
[Storage/Web/Medium/fc9a651d-d43e-4d08-bbee-573bce0b9a15.jpg]
[tr-tr/productdetail/352/wnir5300-wireless-n-broadband-router.html]
[Storage/Web/Medium/3ea0e97d-e0a9-43b9-873e-344e49d32522.jpg]
[Storage/Web/Original/a1d180a2-c6ec-4724-9dd8-729aa10809c8.jpg]
[Storage/Web/Medium/a1d180a2-c6ec-4724-9dd8-729aa10809c8.jpg]
[Storage/Web/Original/1cf7b03b-36e0-4b92-9e6f-dd7c34b6eb90.jpg]
[Storage/Web/Medium/1cf7b03b-36e0-4b92-9e6f-dd7c34b6eb90.jpg]
[tr-tr/productdetail/357/wrhc1200g-high-power-wireless-router.html]
[Storage/Web/Medium/a1796436-8d20-4a47-8a61-55a11e29ef7f.jpg]
[Storage/Icon/Mimo-Tek.-Daha-fazla.png]
[Storage/Icon/Multi-SSID.png]
[Storage/Icon/RF-Cikis-Gucu-ayarlama.png]
[Storage/Web/Medium/9d29901e-cf06-4337-8d1c-f762fa69bc06.jpg]
[storage/documents/firmware-559f6.rar]
[Storage/Web/Medium/3ec88e17-ae2d-4c80-ac73-bed73b93a87d.jpg]
[Storage/Web/Original/cf452e7d-a361-43df-9666-5843cbfbca0d.jpg]
[tr-tr/productdetail/348/wnix3300--wireless-n-long-range-extender.html]
[Storage/Web/Medium/cf452e7d-a361-43df-9666-5843cbfbca0d.jpg]
[Storage/Web/Original/55287ea5-5539-4f4c-a818-5004b453f0d0.jpg]
[Storage/Web/Medium/55287ea5-5539-4f4c-a818-5004b453f0d0.jpg]
[Storage/Web/Medium/3c22e46b-1342-475a-9653-a2bc8a951262.jpg]
[Storage/Icon/Olu-Noktalar.png]
[tr-tr/productdetail/349/wnud1150h-high-power-wireless-n-usb-adaptor.html]
[Storage/Icon/Guc-Adaptoru.png]
[Storage/Icon/Repeater.png]
[storage/documents/firmware-bfd04.rar]
[Storage/Web/Medium/d7164673-35d7-444e-8232-3278cc1bdcf3.jpg]
[Storage/Web/Medium/c748513a-b8ee-4fb2-aed9-9051911385bf.jpg]
[Storage/Icon/Soft-AP.png]
[tr-tr/productdetail/346/wdac433-dual-band-wireless-ac-usb-adaptor.html]
[Storage/Icon/Dual-Band.png]
[Storage/Web/Medium/b99566f4-044e-4d59-b1d8-c830e0e13e6a.jpg]
[Storage/Web/Medium/a728fc00-9275-4fd9-a2ee-235b0abf7247.jpg]
[Storage/Web/Medium/0757c2ed-e3d2-4325-9545-7c4044b9b0b4.jpg]
[Storage/Web/Original/2bbc2c97-5202-4edb-8b3b-8af2c72f13e8.jpg]
[Storage/Web/Medium/2bbc2c97-5202-4edb-8b3b-8af2c72f13e8.jpg]
[tr-tr/productdetail/338/cgs-1600-16-port-gigabit-ethernet-switch.html]
[Storage/Web/Medium/45129375-2f3b-4e86-90de-a7da772ffc1c.jpg]
[Storage/Web/Original/45129375-2f3b-4e86-90de-a7da772ffc1c.jpg]
[Storage/Web/Original/d4a271a3-bf69-4c7f-9b84-adf7818ccba0.jpg]
[Storage/Web/Medium/d4a271a3-bf69-4c7f-9b84-adf7818ccba0.jpg]
[tr-tr/productdetail/340/cgs-800-8-port-gigabit-ethernet-switch.html]
[fonts/glyphicons-halflings-regulard41d.eot]
[fonts/glyphicons-halflings-regular.woff]
[fonts/glyphicons-halflings-regular.ttf]
[tr-tr/productdetail/342/csh-500--5-port-fast-ethernet-switch.html]
[font-awesome-4.2.0/fonts/fontawesome-webfont78ce.eot]
[font-awesome-4.2.0/fonts/fontawesome-webfontd41d.eot]
[font-awesome-4.2.0/fonts/fontawesome-webfont78ce.woff]
[font-awesome-4.2.0/fonts/fontawesome-webfont78ce.ttf]
[images/on.png]
[images/off.png]
[images/signal.png]
[tr-tr/partners/1/distributorler.html]
[spotcam/Images/favicon.html]
[Images/bg_fb.png]
[Images/bg_tw.png]
[Images/bg_yt.png]
[spotcam/fonts/glyphicons-halflings-regular.eot]
[Images/bg_in.png]
[spotcam/fonts/glyphicons-halflings-regulard41d.eot]
[Images/bg_ins.png]
[images/check.png]
[Content/images/bx_loader.gif]
[spotcam/fonts/glyphicons-halflings-regular.woff]
[Content/images/controls.png]
[spotcam/fonts/glyphicons-halflings-regular.ttf]
[Content/images/loading.gif]
[spotcam/Content/bootstrap.min.css]
[spotcam/Content/jquery.fullPage.css]
[spotcam/fonts/glyphicons-halflings-regulard41d.eot]
[spotcam/Image/slid-prev-sm.png]
[spotcam/Image/slid-next-sm.png]
[spotcam/Image/slid-prev.png]
[spotcam/Image/slid-prev.png]
[spotcam/Image/slid-next.png]
[spotcam/Image/slid-next.png]
[spotcam/Image/bx_loader.gif]
[spotcam/Image/slid-button.png]
[spotcam/Image/slid-button.png]
[spotcam/Image/slid-active.png]
[spotcam/Storage/Web/Original/why-us.png]
[spotcam/Storage/Web/Original/properties.png]
[spotcam/Storage/Web/Small/free-pack.png]
[spotcam/Storage/Web/Small/free-pack.png]
[spotcam/Storage/Web/Small/3-days.png]
[spotcam/Storage/Web/Small/7-days.png]
[spotcam/Storage/Web/Small/30-days.png]
[spotcam/Content/Main.css]
[spotcam/Storage/Web/Small/7-days.png]
[spotcam/Default.html]
[spotcam/Script/jquery-1.11.2.min.js]
[spotcam/Script/bootstrap.min.js]
[spotcam/Script/jquery.bxslider.min.js]
[spotcam/Script/jquery.easings.min.js]
[spotcam/Script/jquery.slimscroll.min.js]
[spotcam/Script/jquery.fullPage.min.js]
[spotcam/Script/owl.carousel.min.js]
[WebResource7994.js]
[Scripts/vote.js]
[tr-tr/newsdetail/15/cnet-turkiyeye-hosgeldiniz.html]
[storage/documents/firmware-6ccd3.rar]
[storage/documents/driver-cd572.rar]
[fonts/glyphicons-halflings-regular.svg]
[font-awesome-4.2.0/fonts/fontawesome-webfont78ce.svg]
[Popover requires tooltip.html]
[spotcam/fonts/glyphicons-halflings-regular.html]
[spotcam/fonts/glyphicons-halflings-regular.svg]
[spotcam/Content/grabbing.html]
[spotcam/Popover requires tooltip.html]
